// Vitest Snapshot v1, https://vitest.dev/guide/snapshot.html

exports[`Button > should render the Button Component 1`] = `
{
  "asFragment": [Function],
  "baseElement": <body>
    <div>
      <button
        class="text-sm flex items-center gap-1 px-2 py-1 rounded-sm border enabled:cursor-pointer text-gray-900 dark:text-gray-300 border-gray-900 dark:border-gray-300 enabled:hover:bg-gray-900/20 enabled:dark:hover:bg-gray-100/20 enabled:focus:bg-gray-800/10 enabled:dark:focus:bg-gray-200/10 disabled:text-gray-500 disabled:border-gray-500 button-className"
      >
        <div
          data-testid="startIcon"
        />
        Label
        <div
          data-testid="endIcon"
        />
      </button>
    </div>
  </body>,
  "container": <div>
    <button
      class="text-sm flex items-center gap-1 px-2 py-1 rounded-sm border enabled:cursor-pointer text-gray-900 dark:text-gray-300 border-gray-900 dark:border-gray-300 enabled:hover:bg-gray-900/20 enabled:dark:hover:bg-gray-100/20 enabled:focus:bg-gray-800/10 enabled:dark:focus:bg-gray-200/10 disabled:text-gray-500 disabled:border-gray-500 button-className"
    >
      <div
        data-testid="startIcon"
      />
      Label
      <div
        data-testid="endIcon"
      />
    </button>
  </div>,
  "debug": [Function],
  "findAllByAltText": [Function],
  "findAllByDisplayValue": [Function],
  "findAllByLabelText": [Function],
  "findAllByPlaceholderText": [Function],
  "findAllByRole": [Function],
  "findAllByTestId": [Function],
  "findAllByText": [Function],
  "findAllByTitle": [Function],
  "findByAltText": [Function],
  "findByDisplayValue": [Function],
  "findByLabelText": [Function],
  "findByPlaceholderText": [Function],
  "findByRole": [Function],
  "findByTestId": [Function],
  "findByText": [Function],
  "findByTitle": [Function],
  "getAllByAltText": [Function],
  "getAllByDisplayValue": [Function],
  "getAllByLabelText": [Function],
  "getAllByPlaceholderText": [Function],
  "getAllByRole": [Function],
  "getAllByTestId": [Function],
  "getAllByText": [Function],
  "getAllByTitle": [Function],
  "getByAltText": [Function],
  "getByDisplayValue": [Function],
  "getByLabelText": [Function],
  "getByPlaceholderText": [Function],
  "getByRole": [Function],
  "getByTestId": [Function],
  "getByText": [Function],
  "getByTitle": [Function],
  "queryAllByAltText": [Function],
  "queryAllByDisplayValue": [Function],
  "queryAllByLabelText": [Function],
  "queryAllByPlaceholderText": [Function],
  "queryAllByRole": [Function],
  "queryAllByTestId": [Function],
  "queryAllByText": [Function],
  "queryAllByTitle": [Function],
  "queryByAltText": [Function],
  "queryByDisplayValue": [Function],
  "queryByLabelText": [Function],
  "queryByPlaceholderText": [Function],
  "queryByRole": [Function],
  "queryByTestId": [Function],
  "queryByText": [Function],
  "queryByTitle": [Function],
  "rerender": [Function],
  "unmount": [Function],
}
`;

exports[`components/Button > should render the Button Component 1`] = `
{
  "asFragment": [Function],
  "baseElement": <body>
    <div>
      <button
        class="text-sm flex items-center gap-1 px-2 py-1 rounded-sm border enabled:cursor-pointer text-gray-900 dark:text-gray-300 border-gray-900 dark:border-gray-300 enabled:hover:bg-gray-900/20 enabled:dark:hover:bg-gray-100/20 enabled:focus:bg-gray-800/10 enabled:dark:focus:bg-gray-200/10 disabled:text-gray-500 disabled:border-gray-500 button-className"
      >
        <div
          data-testid="startIcon"
        />
        Label
        <div
          data-testid="endIcon"
        />
      </button>
    </div>
  </body>,
  "container": <div>
    <button
      class="text-sm flex items-center gap-1 px-2 py-1 rounded-sm border enabled:cursor-pointer text-gray-900 dark:text-gray-300 border-gray-900 dark:border-gray-300 enabled:hover:bg-gray-900/20 enabled:dark:hover:bg-gray-100/20 enabled:focus:bg-gray-800/10 enabled:dark:focus:bg-gray-200/10 disabled:text-gray-500 disabled:border-gray-500 button-className"
    >
      <div
        data-testid="startIcon"
      />
      Label
      <div
        data-testid="endIcon"
      />
    </button>
  </div>,
  "debug": [Function],
  "findAllByAltText": [Function],
  "findAllByDisplayValue": [Function],
  "findAllByLabelText": [Function],
  "findAllByPlaceholderText": [Function],
  "findAllByRole": [Function],
  "findAllByTestId": [Function],
  "findAllByText": [Function],
  "findAllByTitle": [Function],
  "findByAltText": [Function],
  "findByDisplayValue": [Function],
  "findByLabelText": [Function],
  "findByPlaceholderText": [Function],
  "findByRole": [Function],
  "findByTestId": [Function],
  "findByText": [Function],
  "findByTitle": [Function],
  "getAllByAltText": [Function],
  "getAllByDisplayValue": [Function],
  "getAllByLabelText": [Function],
  "getAllByPlaceholderText": [Function],
  "getAllByRole": [Function],
  "getAllByTestId": [Function],
  "getAllByText": [Function],
  "getAllByTitle": [Function],
  "getByAltText": [Function],
  "getByDisplayValue": [Function],
  "getByLabelText": [Function],
  "getByPlaceholderText": [Function],
  "getByRole": [Function],
  "getByTestId": [Function],
  "getByText": [Function],
  "getByTitle": [Function],
  "queryAllByAltText": [Function],
  "queryAllByDisplayValue": [Function],
  "queryAllByLabelText": [Function],
  "queryAllByPlaceholderText": [Function],
  "queryAllByRole": [Function],
  "queryAllByTestId": [Function],
  "queryAllByText": [Function],
  "queryAllByTitle": [Function],
  "queryByAltText": [Function],
  "queryByDisplayValue": [Function],
  "queryByLabelText": [Function],
  "queryByPlaceholderText": [Function],
  "queryByRole": [Function],
  "queryByTestId": [Function],
  "queryByText": [Function],
  "queryByTitle": [Function],
  "rerender": [Function],
  "unmount": [Function],
}
`;
